[Push] Chaves VAPID novas criadas
(node:2448) ExperimentalWarning: SQLite is an experimental feature and might change at any time
(Use `node --trace-warnings ...` to show where the warning was created)
[PAROU.PT Server] A escutar imediatamente em http://0.0.0.0:3000
[Polling Engine] Agendador iniciado: 60s para fontes tempo-real (GTFS-RT, Alertas Centrais) e 5 min por defeito para as restantes.
[PAROU.PT Startup] Gestão de base de dados delegada exclusivamente a parou-dados (dadosProntos).
[Polling Engine] Probing inicial de fontes públicas em curso...
[SQLite DB] Base de dados sem feeds. A registar feeds oficiais do catálogo...
[SQLite DB] 29 feeds registados com sucesso.
[SQLite DB] Ligação só-leitura reaberta com sucesso no gtfs.db íntegro e caches limpas.
[SQLite DB] Erro ao gravar app_state: Error: attempt to write a readonly database
    at setAppState (/home/runner/work/parou-dados/parou-dados/app/src/server/db/gtfsDatabase.ts:483:79)
    at atualizarDados (/home/runner/work/parou-dados/parou-dados/app/src/server/dadosProntos.ts:187:24)
    at process.processTicksAndRejections (node:internal/process/task_queues:103:5) {
  code: 'ERR_SQLITE_ERROR',
  errcode: 8,
  errstr: 'attempt to write a readonly database'
}
[Dados prontos] Base de 2026-10-08T10:55:20.813812+00:00 ativa (26/29 operadores).
[Catalog Engine] Probing inicial do catálogo nacional de transportes...
[Central Alerts] Probing inicial do Centro de Alertas...
[Central Alerts Engine] A sincronizar alertas oficiais de todas as fontes reais...
[Central Alerts Engine] A sincronizar alertas oficiais de todas as fontes reais...
[Central Alerts Engine] A sincronizar alertas oficiais de todas as fontes reais...
[Central Alerts Engine] Sincronização concluída. Total: 177 alertas auditados.
[Alertas] rss:https://24.sapo.pt/rss: HTTP 403 em https://24.sapo.pt/rss
[Central Alerts Engine] Sincronização concluída. Total: 177 alertas auditados.
[Central Alerts Engine] Sincronização concluída. Total: 177 alertas auditados.
[SEO] Índice: 26 operadores, 2319 linhas, 22395 paragens (502 ms)
[GTFS Engine] A sincronizar Carris Metropolitana através de API v2 oficial...
[GTFS Engine] Carris Metropolitana sincronizada em 1584ms: 717 linhas, 12752 paragens, 782 veículos em tempo real.
[Central Alerts Engine] A sincronizar alertas oficiais de todas as fontes reais...
[Central Alerts Engine] Sincronização concluída. Total: 177 alertas auditados.
[Push] Início: 1 avisos atuais registados (não enviados)
[GTFS Engine] A sincronizar Carris Metropolitana através de API v2 oficial...
[GTFS Engine] Carris Metropolitana sincronizada em 526ms: 717 linhas, 12752 paragens, 801 veículos em tempo real.
[Central Alerts Engine] A sincronizar alertas oficiais de todas as fontes reais...
[Central Alerts Engine] Sincronização concluída. Total: 177 alertas auditados.
[GTFS Engine] A sincronizar Carris Metropolitana através de API v2 oficial...
[GTFS Engine] Carris Metropolitana sincronizada em 903ms: 717 linhas, 12752 paragens, 805 veículos em tempo real.
[Central Alerts Engine] A sincronizar alertas oficiais de todas as fontes reais...
[Central Alerts Engine] Sincronização concluída. Total: 177 alertas auditados.
[GTFS Engine] A sincronizar Carris Metropolitana através de API v2 oficial...
[GTFS Engine] Carris Metropolitana sincronizada em 2081ms: 717 linhas, 12752 paragens, 802 veículos em tempo real.
[Central Alerts Engine] A sincronizar alertas oficiais de todas as fontes reais...
[Central Alerts Engine] Sincronização concluída. Total: 177 alertas auditados.
[Polling Engine 5 min] Sincronização periódica geral das fontes...
[GTFS Engine] A sincronizar Carris Metropolitana através de API v2 oficial...
[GTFS Engine] Carris Metropolitana sincronizada em 559ms: 717 linhas, 12752 paragens, 795 veículos em tempo real.
[Central Alerts Engine] A sincronizar alertas oficiais de todas as fontes reais...
[Central Alerts Engine] Sincronização concluída. Total: 177 alertas auditados.
[IndexNow] 9000 endereços → HTTP 403
[GTFS Engine] A sincronizar Carris Metropolitana através de API v2 oficial...
[GTFS Engine] Carris Metropolitana sincronizada em 1326ms: 717 linhas, 12752 paragens, 802 veículos em tempo real.
[Central Alerts Engine] A sincronizar alertas oficiais de todas as fontes reais...
[Central Alerts Engine] Sincronização concluída. Total: 177 alertas auditados.
[GTFS Engine] A sincronizar Carris Metropolitana através de API v2 oficial...
[GTFS Engine] Erro ao sincronizar Carris Metropolitana: terminated
[Central Alerts Engine] A sincronizar alertas oficiais de todas as fontes reais...
[Central Alerts Engine] Sincronização concluída. Total: 177 alertas auditados.
